// Jest Snapshot v1, https://goo.gl/fbAQLP

exports[`testing the rendering of the add movie page  1`] = `
<div>
  <div
    class="container pt-5"
  >
    <div
      class="text-center mb-5"
    >
      <h1
        class="fw-bold"
      >
        Add Movie
      </h1>
      <p>
        Add new Movie to Bisko.
      </p>
    </div>
    <div
      class="d-flex aligns-items-center justify-content-center h-100 d-inline-block"
    >
      <div
        class="card align-self-center p-4"
        style="width: 40rem;"
      >
        <form>
          <div
            class="mb-3"
          >
            <label
              class="form-label"
              for="title"
            >
              Title
            </label>
            <input
              class="form-control"
              type="text"
              value=""
            />
          </div>
          <div
            class="mb-3"
          >
            <select
              aria-label="Select movie category"
              class="form-select"
            >
              <option
                value=""
              >
                --select categories--
              </option>
            </select>
          </div>
          <div
            class="mb-3"
          >
            <select
              aria-label="Select genre"
              class="form-select"
            >
              <option
                value=""
              >
                --select genres--
              </option>
            </select>
          </div>
          <div
            class="form-floating mb-3"
          >
            <textarea
              class="form-control"
              placeholder="Description"
            />
            <label
              for="description"
            >
              Description
            </label>
          </div>
          <div
            class="mb-3"
          >
            <label
              class="form-label"
              for="title"
            >
              Duration
            </label>
            <input
              class="form-control"
              type="number"
              value=""
            />
          </div>
          <div
            class="mb-3"
          >
            <div
              class="react-datepicker-wrapper"
            >
              <div
                class="react-datepicker__input-container"
              >
                <input
                  class="form-control"
                  type="text"
                  value="10/20/2022, 6:15 PM"
                />
              </div>
            </div>
          </div>
          <div
            class="mb-3"
          >
            <label
              class="form-label"
              for="picture"
            >
              Picture URL
            </label>
            <input
              class="form-control"
              type="text"
              value=""
            />
          </div>
          <button
            class="btn btn-primary"
            type="submit"
          >
            Submit
          </button>
        </form>
        <div
          class="align-self-end"
        >
          <a
            href="/"
          >
            Home
          </a>
        </div>
      </div>
    </div>
  </div>
</div>
`;
